// Jest Snapshot v1, https://goo.gl/fbAQLP

exports[`renders correctly 1`] = `
<div>
  <h3>
     Trains 
  </h3>
  <table
    className="table table-striped"
    style={
      Object {
        "marginTop": 20,
      }
    }
  >
    <thead>
      <tr>
        <th>
           TrainID 
        </th>
        <th>
           Train Name 
        </th>
        <th>
           Source 
        </th>
        <th>
           Destination 
        </th>
      </tr>
    </thead>
    <tbody />
  </table>
</div>
`;
